ddddfe
fdfdfd
